// Jest Snapshot v1, https://goo.gl/fbAQLP

exports[`[StraightLine] should draw a straight line 1`] = `"data:image/png;base64,iVBORw0KGgoAAAANSUhEUgAAAGQAAABkCAYAAABw4pVUAAAAAXNSR0IArs4c6QAAAndJREFUeF7t3VtO5EAMheHDkpgNsCV4YmYFMzzBltgAs6VRDyBuTeKkyo7L9ee1rdg5X1dLLVnKhbhSJXCRahqGESDJvgSAAJIsgWTjcEIASZZAsnE4IYODXEl6TPYMpcbZckL+SLqVdCPpoVQKiR7GCvJT0u93c4PihGgBuZT0dKY/KA4oFpBT22tJ96A4CHy6pRUEFH+L/x22gIASgLIVBBRnlD0goDii7AUBxQmlBQQUB5RWEFA6o/QAAaUjSi8QUDqh9AQBpQNKbxBQGlE8QEBpQPECAWUniicIKDtQvEFA2YgSAQLKBpQoEFCMKJEgoBhQokFAWUE5AgSUBZSjQED5BuVIEFDOoBwNAsonlAwgoLxDyQICygtKJhBQdizKGf7aNJdMvbaa7YS8ak6LkhVk2p+vzCBTomQHmQ5lBJCpUEYBmQZlJJApUEYDKY8yIkhplFFByqKMDFISZXSQcigVQEqhVAEpg1IJpARKNZDhUSqCDI1SFWRYlMogQ6JUBxkOZQaQoVBmARkGZSaQIVBmA0mPMiNIapRZQdKizAySEmV2kHQogDxvE6fZJQbkbVk/BQogbyApTgogH0EORwHkK8ihKICcBzkMBZDvQQ5BAWQZJBwFkHWQUBRAbCBhKIDYQUJQANkG4o4CyHYQVxRA9oG4oQCyH8QFBZA2kO4ogLSDdEUBpA9INxRA+oF0QQGkL0gzCiD9QZZQfkj6u9QSEB+Qcyi/JJ3eSb94AbKWUNvnr4sTd5JO76RfvQBZjai54ErSo/UugFiTCqoDJChoaxtArEkF1QESFLS1DSDWpILqAAkK2toGEGtSQXWABAVtbfMPM22mZVxf0xEAAAAASUVORK5CYII="`;
